// Vitest Snapshot v1, https://vitest.dev/guide/snapshot.html

exports[`extraerFeriados > extrae los feriados del año 1`] = `
[
  {
    "año": 2024,
    "dia": 1,
    "fecha": "2024-01-01",
    "mes": 1,
    "nombre": "Año nuevo",
    "tipo": "inamovible",
  },
  {
    "año": 2024,
    "dia": 12,
    "fecha": "2024-02-12",
    "mes": 2,
    "nombre": "Carnaval",
    "tipo": "inamovible",
  },
  {
    "año": 2024,
    "dia": 13,
    "fecha": "2024-02-13",
    "mes": 2,
    "nombre": "Carnaval",
    "tipo": "inamovible",
  },
  {
    "año": 2024,
    "dia": 24,
    "fecha": "2024-03-24",
    "mes": 3,
    "nombre": "Día Nacional de la Memoria por la Verdad y la Justicia",
    "tipo": "inamovible",
  },
  {
    "año": 2024,
    "dia": 29,
    "fecha": "2024-03-29",
    "mes": 3,
    "nombre": "Viernes Santo",
    "tipo": "inamovible",
  },
  {
    "año": 2024,
    "dia": 1,
    "fecha": "2024-04-01",
    "mes": 4,
    "nombre": "Feriado puente turístico",
    "tipo": "puente",
  },
  {
    "año": 2024,
    "dia": 2,
    "fecha": "2024-04-02",
    "mes": 4,
    "nombre": "Día del Veterano y de los Caídos en la Guerra de Malvinas",
    "tipo": "inamovible",
  },
  {
    "año": 2024,
    "dia": 1,
    "fecha": "2024-05-01",
    "mes": 5,
    "nombre": "Día del Trabajador",
    "tipo": "inamovible",
  },
  {
    "año": 2024,
    "dia": 25,
    "fecha": "2024-05-25",
    "mes": 5,
    "nombre": "Día de la Revolución de Mayo",
    "tipo": "inamovible",
  },
  {
    "año": 2024,
    "dia": 17,
    "fecha": "2024-06-17",
    "mes": 6,
    "nombre": "Paso a la Inmortalidad del General Martín Güemes",
    "tipo": "trasladable",
  },
  {
    "año": 2024,
    "dia": 20,
    "fecha": "2024-06-20",
    "mes": 6,
    "nombre": "Paso a la Inmortalidad del General Manuel Belgrano",
    "tipo": "inamovible",
  },
  {
    "año": 2024,
    "dia": 21,
    "fecha": "2024-06-21",
    "mes": 6,
    "nombre": "Feriado puente turístico",
    "tipo": "puente",
  },
  {
    "año": 2024,
    "dia": 9,
    "fecha": "2024-07-09",
    "mes": 7,
    "nombre": "Día de la Independencia",
    "tipo": "inamovible",
  },
  {
    "año": 2024,
    "dia": 17,
    "fecha": "2024-08-17",
    "mes": 8,
    "nombre": "Paso a la Inmortalidad del Gral. José de San Martín",
    "tipo": "trasladable",
  },
  {
    "año": 2024,
    "dia": 11,
    "fecha": "2024-10-11",
    "mes": 10,
    "nombre": "Feriado puente turístico",
    "tipo": "puente",
  },
  {
    "año": 2024,
    "dia": 12,
    "fecha": "2024-10-12",
    "mes": 10,
    "nombre": "Día del Respeto a la Diversidad Cultural",
    "tipo": "trasladable",
  },
  {
    "año": 2024,
    "dia": 18,
    "fecha": "2024-11-18",
    "mes": 11,
    "nombre": "Día de la Soberanía Nacional",
    "tipo": "trasladable",
  },
  {
    "año": 2024,
    "dia": 8,
    "fecha": "2024-12-08",
    "mes": 12,
    "nombre": "Día de la Inmaculada Concepción de María",
    "tipo": "inamovible",
  },
  {
    "año": 2024,
    "dia": 25,
    "fecha": "2024-12-25",
    "mes": 12,
    "nombre": "Navidad",
    "tipo": "inamovible",
  },
]
`;
