// Vitest Snapshot v1, https://vitest.dev/guide/snapshot.html

exports[`extraerFiwind > extrae los rendimientos 1`] = `
[
  {
    "apy": 0.5,
    "fecha": "2022-01-25",
    "moneda": "BTC",
  },
  {
    "apy": 0.5,
    "fecha": "2022-01-25",
    "moneda": "ETH",
  },
  {
    "apy": 2.5,
    "fecha": "2022-01-25",
    "moneda": "USDT",
  },
  {
    "apy": 2.5,
    "fecha": "2022-08-22",
    "moneda": "USDC",
  },
  {
    "apy": 2.5,
    "fecha": "2022-01-25",
    "moneda": "DAI",
  },
  {
    "apy": 1,
    "fecha": "2022-04-18",
    "moneda": "ADA",
  },
  {
    "apy": 2,
    "fecha": "2022-07-18",
    "moneda": "DOT",
  },
  {
    "apy": 2,
    "fecha": "2022-08-26",
    "moneda": "MATIC",
  },
]
`;
