// Vitest Snapshot v1, https://vitest.dev/guide/snapshot.html

exports[`extrearFci > extrae los fci 1`] = `
[
  {
    "ccp": null,
    "fecha": null,
    "fondo": "Region: Argentina",
    "horizonte": undefined,
    "patrimonio": 13684093833197.47,
    "vcp": null,
  },
  {
    "ccp": null,
    "fecha": null,
    "fondo": "Duration: Mayor a 1 y Menor Igual 3 Años",
    "horizonte": undefined,
    "patrimonio": 94083408187.73,
    "vcp": null,
  },
  {
    "ccp": null,
    "fecha": null,
    "fondo": "Benchmark: No Registrado",
    "horizonte": undefined,
    "patrimonio": 94083408187.73,
    "vcp": null,
  },
  {
    "ccp": null,
    "fecha": null,
    "fondo": "Moneda: Peso Argentina",
    "horizonte": undefined,
    "patrimonio": 94083408187.73,
    "vcp": null,
  },
  {
    "ccp": 53810598.78,
    "fecha": "2024-01-02",
    "fondo": "Schroder Liquidez - Clase A",
    "horizonte": "medio",
    "patrimonio": 151268224.23,
    "vcp": 2811.123,
  },
  {
    "ccp": 32735879141.26,
    "fecha": "2024-01-02",
    "fondo": "Schroder Liquidez - Clase B",
    "horizonte": "medio",
    "patrimonio": 93932139963.5,
    "vcp": 2869.394,
  },
  {
    "ccp": null,
    "fecha": null,
    "fondo": "Duration: Mayor a 3 Años",
    "horizonte": undefined,
    "patrimonio": 4851501087.38,
    "vcp": null,
  },
  {
    "ccp": null,
    "fecha": null,
    "fondo": "Benchmark: Otro",
    "horizonte": undefined,
    "patrimonio": 4851501087.38,
    "vcp": null,
  },
  {
    "ccp": null,
    "fecha": null,
    "fondo": "Moneda: Peso Argentina",
    "horizonte": undefined,
    "patrimonio": 4851501087.38,
    "vcp": null,
  },
  {
    "ccp": 4371290.39,
    "fecha": "2024-01-02",
    "fondo": "Magna GCDC Money Market - Clase A",
    "horizonte": "largo",
    "patrimonio": 5165430.66,
    "vcp": 1181.7,
  },
  {
    "ccp": 33259299.9,
    "fecha": "2024-01-02",
    "fondo": "Magna GCDC Money Market - Clase B",
    "horizonte": "largo",
    "patrimonio": 54559869.37,
    "vcp": 1640.4,
  },
  {
    "ccp": 2640047766.72,
    "fecha": "2024-01-02",
    "fondo": "Magna GCDC Money Market - Clase C",
    "horizonte": "largo",
    "patrimonio": 4791775787.35,
    "vcp": 1815,
  },
  {
    "ccp": null,
    "fecha": null,
    "fondo": "Duration: Menor o Igual a 0.5 Año",
    "horizonte": undefined,
    "patrimonio": 5527316472614.98,
    "vcp": null,
  },
  {
    "ccp": null,
    "fecha": null,
    "fondo": "Benchmark: 30%+70%",
    "horizonte": undefined,
    "patrimonio": 4897092877284.48,
    "vcp": null,
  },
  {
    "ccp": null,
    "fecha": null,
    "fondo": "Moneda: Peso Argentina",
    "horizonte": undefined,
    "patrimonio": 4897092877284.48,
    "vcp": null,
  },
  {
    "ccp": 12881059411.09,
    "fecha": "2024-01-02",
    "fondo": "Fima Premium - Clase A",
    "horizonte": "corto",
    "patrimonio": 453084357073.43,
    "vcp": 35174.464,
  },
  {
    "ccp": 30497191845.97,
    "fecha": "2024-01-02",
    "fondo": "Fima Premium - Clase B",
    "horizonte": "corto",
    "patrimonio": 1244771614578.43,
    "vcp": 40815.942,
  },
  {
    "ccp": 30256731440.2,
    "fecha": "2024-01-02",
    "fondo": "Fima Premium - Clase C",
    "horizonte": "corto",
    "patrimonio": 1242684308488.62,
    "vcp": 41071.334,
  },
  {
    "ccp": 181119031.69,
    "fecha": "2024-01-02",
    "fondo": "Max Money Market - Clase A",
    "horizonte": "corto",
    "patrimonio": 394260643.83,
    "vcp": 2176.804,
  },
  {
    "ccp": 37606835305.85,
    "fecha": "2024-01-02",
    "fondo": "Max Money Market - Clase B",
    "horizonte": "corto",
    "patrimonio": 82325207315.62,
    "vcp": 2189.102,
  },
  {
    "ccp": 47224613.55,
    "fecha": "2024-01-02",
    "fondo": "Quiron Money Market - Clase A",
    "horizonte": "corto",
    "patrimonio": 88372802.27,
    "vcp": 1871.329,
  },
  {
    "ccp": 1160946762.15,
    "fecha": "2024-01-02",
    "fondo": "Quiron Money Market - Clase B",
    "horizonte": "corto",
    "patrimonio": 2188296035.21,
    "vcp": 1884.924,
  },
  {
    "ccp": null,
    "fecha": "2024-01-02",
    "fondo": "Quiron Money Market - Clase C",
    "horizonte": "corto",
    "patrimonio": null,
    "vcp": 1000,
  },
  {
    "ccp": 71818568874.04,
    "fecha": "2024-01-02",
    "fondo": "Super Ahorro $ - Clase A",
    "horizonte": "corto",
    "patrimonio": 578838462473.71,
    "vcp": 8059.733,
  },
  {
    "ccp": 110592877765.59,
    "fecha": "2024-01-02",
    "fondo": "Super Ahorro $ - Clase B",
    "horizonte": "corto",
    "patrimonio": 1046861277012.62,
    "vcp": 9465.901,
  },
  {
    "ccp": 247849990.34,
    "fecha": "2024-01-02",
    "fondo": "Super Ahorro $ - Clase G",
    "horizonte": "corto",
    "patrimonio": 1428988631.22,
    "vcp": 5765.538,
  },
  {
    "ccp": 32528981059.66,
    "fecha": "2024-01-02",
    "fondo": "Super Ahorro $ - Clase H",
    "horizonte": "corto",
    "patrimonio": 192435850184.85,
    "vcp": 5915.828,
  },
  {
    "ccp": null,
    "fecha": "2024-01-02",
    "fondo": "Super Ahorro $ - Clase I",
    "horizonte": "corto",
    "patrimonio": null,
    "vcp": 6204.183,
  },
  {
    "ccp": 15099794893.31,
    "fecha": "2024-01-02",
    "fondo": "Ualintec Ahorro Pesos - Clase A",
    "horizonte": "corto",
    "patrimonio": 50613687263.54,
    "vcp": 3351.945,
  },
  {
    "ccp": 48112108.82,
    "fecha": "2024-01-02",
    "fondo": "Ualintec Ahorro Pesos - Clase B",
    "horizonte": "corto",
    "patrimonio": 94106028.01,
    "vcp": 1955.974,
  },
  {
    "ccp": 30407335.87,
    "fecha": "2024-01-02",
    "fondo": "Ualintec Ahorro Pesos - Clase C",
    "horizonte": "corto",
    "patrimonio": 103364205.26,
    "vcp": 3399.318,
  },
  {
    "ccp": 201049632.24,
    "fecha": "2024-01-02",
    "fondo": "Valiant Ahorro - Clase A",
    "horizonte": "corto",
    "patrimonio": 979185882.38,
    "vcp": 4870.369,
  },
  {
    "ccp": 41664300.47,
    "fecha": "2024-01-02",
    "fondo": "Valiant Ahorro - Clase B",
    "horizonte": "corto",
    "patrimonio": 201538665.48,
    "vcp": 4837.203,
  },
  {
    "ccp": null,
    "fecha": null,
    "fondo": "Benchmark: Badlar",
    "horizonte": undefined,
    "patrimonio": 3143767559.23,
    "vcp": null,
  },
  {
    "ccp": null,
    "fecha": null,
    "fondo": "Moneda: Peso Argentina",
    "horizonte": undefined,
    "patrimonio": 3143767559.23,
    "vcp": null,
  },
  {
    "ccp": 2695782.59,
    "fecha": "2024-01-02",
    "fondo": "Cohen Pesos - Clase A",
    "horizonte": "corto",
    "patrimonio": 132009293.3,
    "vcp": 48968.82,
  },
  {
    "ccp": 59981049.83,
    "fecha": "2024-01-02",
    "fondo": "Cohen Pesos - Clase B",
    "horizonte": "corto",
    "patrimonio": 2992084672.12,
    "vcp": 49883.833,
  },
  {
    "ccp": 515766.35,
    "fecha": "2024-01-02",
    "fondo": "Cohen Pesos - Clase C",
    "horizonte": "corto",
    "patrimonio": 19673593.81,
    "vcp": 38144.391,
  },
  {
    "ccp": null,
    "fecha": "2024-01-02",
    "fondo": "Cohen Pesos - Clase D",
    "horizonte": "corto",
    "patrimonio": null,
    "vcp": 6334.13,
  },
  {
    "ccp": null,
    "fecha": null,
    "fondo": "Benchmark: No Registrado",
    "horizonte": undefined,
    "patrimonio": 67508684472.31,
    "vcp": null,
  },
  {
    "ccp": null,
    "fecha": null,
    "fondo": "Moneda: Peso Argentina",
    "horizonte": undefined,
    "patrimonio": 67508684472.31,
    "vcp": null,
  },
  {
    "ccp": 918636250.23,
    "fecha": "2024-01-02",
    "fondo": "CYC Liquidez",
    "horizonte": "corto",
    "patrimonio": 2308088364.83,
    "vcp": 2512.516,
  },
  {
    "ccp": 108260953.7,
    "fecha": "2024-01-02",
    "fondo": "Toronto Trust Ahorro - Clase A",
    "horizonte": "corto",
    "patrimonio": 2358646263.67,
    "vcp": 21786.675,
  },
  {
    "ccp": 2611388499.53,
    "fecha": "2024-01-02",
    "fondo": "Toronto Trust Ahorro - Clase B",
    "horizonte": "corto",
    "patrimonio": 60849243277.42,
    "vcp": 23301.49,
  },
  {
    "ccp": 33339771.92,
    "fecha": "2024-01-02",
    "fondo": "Toronto Trust Ahorro - Clase C",
    "horizonte": "corto",
    "patrimonio": 502957820.07,
    "vcp": 15085.821,
  },
  {
    "ccp": 10497913.59,
    "fecha": "2024-01-02",
    "fondo": "Transatlantica Liquidez Pesos - Clase A",
    "horizonte": "corto",
    "patrimonio": 37260235.74,
    "vcp": 3549.299,
  },
  {
    "ccp": 409232176.36,
    "fecha": "2024-01-02",
    "fondo": "Transatlantica Liquidez Pesos - Clase B",
    "horizonte": "corto",
    "patrimonio": 1452488510.58,
    "vcp": 3549.302,
  },
  {
    "ccp": null,
    "fecha": null,
    "fondo": "Benchmark: Otro",
    "horizonte": undefined,
    "patrimonio": 559571143298.96,
    "vcp": null,
  },
  {
    "ccp": null,
    "fecha": null,
    "fondo": "Moneda: Peso Argentina",
    "horizonte": undefined,
    "patrimonio": 559571143298.96,
    "vcp": null,
  },
  {
    "ccp": 43895010.49,
    "fecha": "2024-01-02",
    "fondo": "Consultatio Fondo de Dinero - Clase A",
    "horizonte": "corto",
    "patrimonio": 158999846.04,
    "vcp": 3622.276,
  },
  {
    "ccp": 2576033976.27,
    "fecha": "2024-01-02",
    "fondo": "Consultatio Fondo de Dinero - Clase B",
    "horizonte": "corto",
    "patrimonio": 9431184683.48,
    "vcp": 3661.126,
  },
  {
    "ccp": null,
    "fecha": "2024-01-02",
    "fondo": "Consultatio Fondo de Dinero - Clase C",
    "horizonte": "corto",
    "patrimonio": null,
    "vcp": 3792.201,
  },
  {
    "ccp": 4299378.79,
    "fecha": "2024-01-02",
    "fondo": "Goal Premium - Clase A",
    "horizonte": "corto",
    "patrimonio": 9363417.87,
    "vcp": 2177.854,
  },
  {
    "ccp": 20000,
    "fecha": "2024-01-02",
    "fondo": "Goal Premium - Clase B",
    "horizonte": "corto",
    "patrimonio": 43996.6,
    "vcp": 2199.83,
  },
  {
    "ccp": 21515030.44,
    "fecha": "2024-01-02",
    "fondo": "Novus Liquidez Fondo de Dinero - Clase A",
    "horizonte": "corto",
    "patrimonio": 73855627.31,
    "vcp": 3432.746,
  },
  {
    "ccp": 456646661.01,
    "fecha": "2024-01-02",
    "fondo": "Novus Liquidez Fondo de Dinero - Clase B",
    "horizonte": "corto",
    "patrimonio": 1584039288.87,
    "vcp": 3468.851,
  },
  {
    "ccp": 342233775.4,
    "fecha": "2024-01-02",
    "fondo": "Novus Liquidez Fondo de Dinero - Clase C",
    "horizonte": "corto",
    "patrimonio": 1173099884.58,
    "vcp": 3427.774,
  },
  {
    "ccp": 3761136020.61,
    "fecha": "2024-01-02",
    "fondo": "Novus Liquidez Fondo de Dinero - Clase D",
    "horizonte": "corto",
    "patrimonio": 13282565761.33,
    "vcp": 3531.53,
  },
  {
    "ccp": 6961347.47,
    "fecha": "2024-01-02",
    "fondo": "Novus Liquidez Fondo de Dinero - Clase E",
    "horizonte": "corto",
    "patrimonio": 12061484.67,
    "vcp": 1732.637,
  },
  {
    "ccp": 25972626.69,
    "fecha": "2024-01-02",
    "fondo": "Novus Liquidez Fondo de Dinero - Clase F",
    "horizonte": "corto",
    "patrimonio": 60554713.66,
    "vcp": 2331.482,
  },
  {
    "ccp": 33471.79,
    "fecha": "2024-01-02",
    "fondo": "Novus Liquidez Fondo de Dinero - Clase G",
    "horizonte": "corto",
    "patrimonio": 49370.21,
    "vcp": 1474.98,
  },
  {
    "ccp": 53502540.7,
    "fecha": "2024-01-02",
    "fondo": "Novus Liquidez Fondo de Dinero - Clase H",
    "horizonte": "corto",
    "patrimonio": 59900000,
    "vcp": 1119.573,
  },
  {
    "ccp": 2270587.1,
    "fecha": "2024-01-02",
    "fondo": "Novus Liquidez Fondo de Dinero - Clase X",
    "horizonte": "corto",
    "patrimonio": 3451981.92,
    "vcp": 1520.304,
  },
  {
    "ccp": 2551788669.01,
    "fecha": "2024-01-02",
    "fondo": "Pellegrini Renta Pesos - Clase A",
    "horizonte": "corto",
    "patrimonio": 25795426804.56,
    "vcp": 10108.763,
  },
  {
    "ccp": 49131143581.99,
    "fecha": "2024-01-02",
    "fondo": "Pellegrini Renta Pesos - Clase B",
    "horizonte": "corto",
    "patrimonio": 507926546437.86,
    "vcp": 10338.179,
  },
  {
    "ccp": null,
    "fecha": null,
    "fondo": "Duration: Menor o Igual a 1 Año",
    "horizonte": undefined,
    "patrimonio": 419828196829.78,
    "vcp": null,
  },
  {
    "ccp": null,
    "fecha": null,
    "fondo": "Benchmark: 30%+70%",
    "horizonte": undefined,
    "patrimonio": 419828196829.78,
    "vcp": null,
  },
  {
    "ccp": null,
    "fecha": null,
    "fondo": "Moneda: Peso Argentina",
    "horizonte": undefined,
    "patrimonio": 419828196829.78,
    "vcp": null,
  },
  {
    "ccp": 4415293368,
    "fecha": "2024-01-02",
    "fondo": "1810 Ahorro",
    "horizonte": "corto",
    "patrimonio": 419337971446.33,
    "vcp": 94973.977,
  },
  {
    "ccp": null,
    "fecha": "2024-01-02",
    "fondo": "Optimum Liquidity - Clase A",
    "horizonte": "corto",
    "patrimonio": null,
    "vcp": 1000,
  },
  {
    "ccp": 134771731.57,
    "fecha": "2024-01-02",
    "fondo": "Optimum Liquidity - Clase B",
    "horizonte": "corto",
    "patrimonio": 487822254.07,
    "vcp": 3619.619,
  },
  {
    "ccp": null,
    "fecha": "2024-01-02",
    "fondo": "Optimum Liquidity - Clase C",
    "horizonte": "corto",
    "patrimonio": null,
    "vcp": 1000,
  },
  {
    "ccp": 368123.53,
    "fecha": "2024-01-02",
    "fondo": "Optimum Liquidity - Clase D",
    "horizonte": "corto",
    "patrimonio": 1212016.82,
    "vcp": 3292.419,
  },
  {
    "ccp": 333205.35,
    "fecha": "2024-01-02",
    "fondo": "Optimum Liquidity - Clase E",
    "horizonte": "corto",
    "patrimonio": 1191112.56,
    "vcp": 3574.71,
  },
  {
    "ccp": null,
    "fecha": null,
    "fondo": "Duration: No Aplicable",
    "horizonte": undefined,
    "patrimonio": 6107932148818.21,
    "vcp": null,
  },
  {
    "ccp": null,
    "fecha": null,
    "fondo": "Benchmark: 30%+70%",
    "horizonte": undefined,
    "patrimonio": 4390520654088.19,
    "vcp": null,
  },
  {
    "ccp": null,
    "fecha": null,
    "fondo": "Moneda: Peso Argentina",
    "horizonte": undefined,
    "patrimonio": 4390520654088.19,
    "vcp": null,
  },
  {
    "ccp": 12959414922.39,
    "fecha": "2024-01-02",
    "fondo": "Alpha Pesos - Clase A",
    "horizonte": "corto",
    "patrimonio": 530824886793.04,
    "vcp": 40960.56,
  },
  {
    "ccp": 554178026.76,
    "fecha": "2024-01-02",
    "fondo": "Alpha Pesos - Clase B",
    "horizonte": "corto",
    "patrimonio": 19592083223.12,
    "vcp": 35353.41,
  },
  {
    "ccp": 838791.42,
    "fecha": "2024-01-02",
    "fondo": "Alpha Pesos - Clase J",
    "horizonte": "corto",
    "patrimonio": 1060602.24,
    "vcp": 1264.441,
  },
  {
    "ccp": 1292831.54,
    "fecha": "2024-01-02",
    "fondo": "Alpha Pesos - Clase K",
    "horizonte": "corto",
    "patrimonio": 3133249.2,
    "vcp": 2423.556,
  },
  {
    "ccp": 363159645.43,
    "fecha": "2024-01-02",
    "fondo": "Delta Pesos - Clase A",
    "horizonte": "corto",
    "patrimonio": 7290128875.72,
    "vcp": 20074.171,
  },
  {
    "ccp": 7677301845.2,
    "fecha": "2024-01-02",
    "fondo": "Delta Pesos - Clase B",
    "horizonte": "corto",
    "patrimonio": 308143111839.75,
    "vcp": 40136.902,
  },
  {
    "ccp": 5516394522.23,
    "fecha": "2024-01-02",
    "fondo": "Delta Pesos - Clase D",
    "horizonte": "corto",
    "patrimonio": 18200798100.87,
    "vcp": 3299.401,
  },
  {
    "ccp": 57047872226.45,
    "fecha": "2024-01-02",
    "fondo": "Delta Pesos - Clase X",
    "horizonte": "corto",
    "patrimonio": 131867519288.38,
    "vcp": 2311.524,
  },
  {
    "ccp": 1200006020.3766,
    "fecha": "2024-01-02",
    "fondo": "FBA Renta Pesos - Clase A",
    "horizonte": "corto",
    "patrimonio": 88879258325.8,
    "vcp": 74065.677,
  },
  {
    "ccp": 15964149730.722,
    "fecha": "2024-01-02",
    "fondo": "FBA Renta Pesos - Clase B",
    "horizonte": "corto",
    "patrimonio": 1243510122487.41,
    "vcp": 77893.915,
  },
  {
    "ccp": 414995446.44,
    "fecha": "2024-01-02",
    "fondo": "HF Pesos - Clase G",
    "horizonte": "corto",
    "patrimonio": 17365541094.24,
    "vcp": 41845.136,
  },
  {
    "ccp": 21610492048.74,
    "fecha": "2024-01-02",
    "fondo": "HF Pesos - Clase I",
    "horizonte": "corto",
    "patrimonio": 993114546056.98,
    "vcp": 45955.203,
  },
  {
    "ccp": 6700816.76,
    "fecha": "2024-01-02",
    "fondo": "HF Pesos - Clase P",
    "horizonte": "corto",
    "patrimonio": 22489671.29,
    "vcp": 3356.258,
  },
  {
    "ccp": 5988555765,
    "fecha": "2024-01-02",
    "fondo": "Lombard Renta en Pesos",
    "horizonte": "corto",
    "patrimonio": 565806215024.94,
    "vcp": 94481.247,
  },
  {
    "ccp": 48556079.23,
    "fecha": "2024-01-02",
    "fondo": "MAF Money Market - Clase A",
    "horizonte": "corto",
    "patrimonio": 1112618528.88,
    "vcp": 22914.093,
  },
  {
    "ccp": 1953352425.77,
    "fecha": "2024-01-02",
    "fondo": "MAF Money Market - Clase B",
    "horizonte": "corto",
    "patrimonio": 57253903303.45,
    "vcp": 29310.586,
  },
  {
    "ccp": null,
    "fecha": "2024-01-02",
    "fondo": "Optimum CDB Pesos Ultra - Clase A",
    "horizonte": "corto",
    "patrimonio": null,
    "vcp": 31771.8,
  },
  {
    "ccp": 1260199204.07,
    "fecha": "2024-01-02",
    "fondo": "Optimum CDB Pesos Ultra - Clase B",
    "horizonte": "corto",
    "patrimonio": 45924531395.62,
    "vcp": 36442.279,
  },
  {
    "ccp": 1064589681.05,
    "fecha": "2024-01-02",
    "fondo": "Premier Renta CP en Pesos - Clase A",
    "horizonte": "corto",
    "patrimonio": 77921613999.36,
    "vcp": 73194.035,
  },
  {
    "ccp": 639141615.19,
    "fecha": "2024-01-02",
    "fondo": "Premier Renta CP en Pesos - Clase B",
    "horizonte": "corto",
    "patrimonio": 44282048300.27,
    "vcp": 69283.625,
  },
  {
    "ccp": 23957362084.46,
    "fecha": "2024-01-02",
    "fondo": "Premier Renta CP en Pesos - Clase C",
    "horizonte": "corto",
    "patrimonio": 235046153115.16,
    "vcp": 9811.02,
  },
  {
    "ccp": 2103933677.55,
    "fecha": "2024-01-02",
    "fondo": "Premier Renta CP en Pesos - Clase D",
    "horizonte": "corto",
    "patrimonio": 4358890812.47,
    "vcp": 2071.781,
  },
  {
    "ccp": null,
    "fecha": null,
    "fondo": "Benchmark: No Registrado",
    "horizonte": undefined,
    "patrimonio": 1162345218036.82,
    "vcp": null,
  },
  {
    "ccp": null,
    "fecha": null,
    "fondo": "Moneda: Peso Argentina",
    "horizonte": undefined,
    "patrimonio": 1161932583268.87,
    "vcp": null,
  },
  {
    "ccp": 205066907.33,
    "fecha": "2024-01-02",
    "fondo": "Adcap Ahorro Pesos Fondo de Dinero - Clase A",
    "horizonte": "corto",
    "patrimonio": 1539071451.89,
    "vcp": 7505.216,
  },
  {
    "ccp": 9287070831.46,
    "fecha": "2024-01-02",
    "fondo": "Adcap Ahorro Pesos Fondo de Dinero - Clase B",
    "horizonte": "corto",
    "patrimonio": 72553195826.43,
    "vcp": 7812.28,
  },
  {
    "ccp": 10221520145.56,
    "fecha": "2024-01-02",
    "fondo": "Adcap Ahorro Pesos Fondo de Dinero - Clase C",
    "horizonte": "corto",
    "patrimonio": 80290504984.26,
    "vcp": 7855.045,
  },
  {
    "ccp": null,
    "fecha": "2023-11-21",
    "fondo": "Adcap Ahorro Pesos Fondo de Dinero - Clase H",
    "horizonte": "corto",
    "patrimonio": null,
    "vcp": 14285.714,
  },
  {
    "ccp": 3332763247.45,
    "fecha": "2024-01-02",
    "fondo": "Adcap Ahorro Pesos Fondo de Dinero - Clase I",
    "horizonte": "corto",
    "patrimonio": 26960697533.06,
    "vcp": 8089.593,
  },
  {
    "ccp": 311848390.88,
    "fecha": "2024-01-02",
    "fondo": "Fundcorp Liquidez - Clase A",
    "horizonte": "corto",
    "patrimonio": 2200914102,
    "vcp": 7057.641,
  },
  {
    "ccp": 4843180005.44,
    "fecha": "2024-01-02",
    "fondo": "Fundcorp Liquidez - Clase B",
    "horizonte": "corto",
    "patrimonio": 34559003275.85,
    "vcp": 7135.602,
  },
  {
    "ccp": 646552783.89,
    "fecha": "2024-01-02",
    "fondo": "Fundcorp Liquidez - Clase C",
    "horizonte": "corto",
    "patrimonio": 4848649754.58,
    "vcp": 7499.232,
  },
  {
    "ccp": 394460950.42,
    "fecha": "2024-01-02",
    "fondo": "Galileo Pesos - Clase A",
    "horizonte": "corto",
    "patrimonio": 2472331624.87,
    "vcp": 6267.621,
  },
  {
    "ccp": 1651575996.58,
    "fecha": "2024-01-02",
    "fondo": "Galileo Pesos - Clase B",
    "horizonte": "corto",
    "patrimonio": 11052515727.15,
    "vcp": 6692.102,
  },
  {
    "ccp": 1108008,
    "fecha": "2024-01-02",
    "fondo": "Lombard Ahorro",
    "horizonte": "corto",
    "patrimonio": 42527851.27,
    "vcp": 38382.26,
  },
  {
    "ccp": 71757646.95,
    "fecha": "2024-01-02",
    "fondo": "Megainver Liquidez Pesos - Clase A",
    "horizonte": "corto",
    "patrimonio": 903129821.46,
    "vcp": 12585.834,
  },
  {
    "ccp": 2579535997.95,
    "fecha": "2024-01-02",
    "fondo": "Megainver Liquidez Pesos - Clase B",
    "horizonte": "corto",
    "patrimonio": 36120391658.01,
    "vcp": 14002.67,
  },
  {
    "ccp": null,
    "fecha": "2024-01-02",
    "fondo": "Megainver Liquidez Pesos - Clase C",
    "horizonte": "corto",
    "patrimonio": null,
    "vcp": 1027.52,
  },
  {
    "ccp": 2096790472.12,
    "fecha": "2024-01-02",
    "fondo": "Pionero Pesos Plus - Clase A",
    "horizonte": "corto",
    "patrimonio": 50835620073.95,
    "vcp": 24244.492,
  },
  {
    "ccp": 24166643798.12,
    "fecha": "2024-01-02",
    "fondo": "Pionero Pesos Plus - Clase B",
    "horizonte": "corto",
    "patrimonio": 605825751074.97,
    "vcp": 25068.675,
  },
  {
    "ccp": null,
    "fecha": "2024-01-02",
    "fondo": "Pionero Pesos Plus - Clase C",
    "horizonte": "corto",
    "patrimonio": null,
    "vcp": 4771.413,
  },
  {
    "ccp": 118110789.62,
    "fecha": "2024-01-02",
    "fondo": "Quinquela Pesos - Clase A",
    "horizonte": "corto",
    "patrimonio": 2465595589.09,
    "vcp": 20875.278,
  },
  {
    "ccp": 9197357819.17,
    "fecha": "2024-01-02",
    "fondo": "Quinquela Pesos - Clase B",
    "horizonte": "corto",
    "patrimonio": 197937580448.89,
    "vcp": 21521.135,
  },
  {
    "ccp": 299112.93,
    "fecha": "2024-01-02",
    "fondo": "Roble Ahorro Dolares en $ Liquido - Clase G",
    "horizonte": "largo",
    "patrimonio": 1060364.79,
    "vcp": 3545.032,
  },
  {
    "ccp": 97300388.91,
    "fecha": "2024-01-02",
    "fondo": "ST Zero - Clase A",
    "horizonte": "corto",
    "patrimonio": 469354334.47,
    "vcp": 4823.766,
  },
  {
    "ccp": 988026381.36,
    "fecha": "2024-01-02",
    "fondo": "ST Zero - Clase B",
    "horizonte": "corto",
    "patrimonio": 4934677435.81,
    "vcp": 4994.479,
  },
  {
    "ccp": 5119971787.55,
    "fecha": "2024-01-02",
    "fondo": "ST Zero - Clase C",
    "horizonte": "corto",
    "patrimonio": 25768592933.82,
    "vcp": 5032.956,
  },
  {
    "ccp": 73725413.97,
    "fecha": "2024-01-02",
    "fondo": "ST Zero - Clase D",
    "horizonte": "corto",
    "patrimonio": 151417402.25,
    "vcp": 2053.802,
  },
  {
    "ccp": null,
    "fecha": null,
    "fondo": "Moneda: Dolar Estadounidense",
    "horizonte": undefined,
    "patrimonio": 412634767.95,
    "vcp": null,
  },
  {
    "ccp": null,
    "fecha": "2021-06-09",
    "fondo": "Galileo Pesos - Clase C",
    "horizonte": "corto",
    "patrimonio": null,
    "vcp": 1000,
  },
  {
    "ccp": null,
    "fecha": "2021-06-09",
    "fondo": "Galileo Pesos - Clase D",
    "horizonte": "corto",
    "patrimonio": null,
    "vcp": 1000,
  },
  {
    "ccp": 414066.18,
    "fecha": "2024-01-02",
    "fondo": "Roble Ahorro Dolares en $ Libre Disp. en Dolares",
    "horizonte": "largo",
    "patrimonio": 417074.99,
    "vcp": 1007.267,
  },
  {
    "ccp": null,
    "fecha": null,
    "fondo": "Benchmark: Otro",
    "horizonte": undefined,
    "patrimonio": 555066276693.2,
    "vcp": null,
  },
  {
    "ccp": null,
    "fecha": null,
    "fondo": "Moneda: Peso Argentina",
    "horizonte": undefined,
    "patrimonio": 553975093256.13,
    "vcp": null,
  },
  {
    "ccp": 1058498583.59,
    "fecha": "2024-01-02",
    "fondo": "Allaria Ahorro - Clase A",
    "horizonte": "corto",
    "patrimonio": 44753629963.57,
    "vcp": 42280.293,
  },
  {
    "ccp": 1719643087.73,
    "fecha": "2024-01-02",
    "fondo": "Allaria Ahorro - Clase B",
    "horizonte": "corto",
    "patrimonio": 74246242819.84,
    "vcp": 43175.379,
  },
  {
    "ccp": 11663274573.83,
    "fecha": "2024-01-02",
    "fondo": "Allaria Ahorro - Clase C",
    "horizonte": "corto",
    "patrimonio": 150549238654.57,
    "vcp": 12907.973,
  },
  {
    "ccp": 87196359.68,
    "fecha": "2024-01-02",
    "fondo": "Goal Pesos - Clase A",
    "horizonte": "corto",
    "patrimonio": 7366053684.36,
    "vcp": 84476.619,
  },
  {
    "ccp": 2796375830.94,
    "fecha": "2024-01-02",
    "fondo": "Goal Pesos - Clase B",
    "horizonte": "corto",
    "patrimonio": 277059928133.79,
    "vcp": 99078.216,
  },
  {
    "ccp": null,
    "fecha": null,
    "fondo": "Moneda: Dolar Estadounidense",
    "horizonte": undefined,
    "patrimonio": 1091183437.07,
    "vcp": null,
  },
  {
    "ccp": 24921621.6,
    "fecha": "2024-01-02",
    "fondo": "Super Ahorro U$S - Clase A ex Letes",
    "horizonte": "corto",
    "patrimonio": 1072607.65,
    "vcp": 43.039,
  },
  {
    "ccp": 684905.46,
    "fecha": "2024-01-02",
    "fondo": "Super Ahorro U$S - Clase B ex Letes",
    "horizonte": "corto",
    "patrimonio": 30317.64,
    "vcp": 44.265,
  },
  {
    "ccp": null,
    "fecha": null,
    "fondo": "Duration: No Registrada",
    "horizonte": undefined,
    "patrimonio": 1530082105659.39,
    "vcp": null,
  },
  {
    "ccp": null,
    "fecha": null,
    "fondo": "Benchmark: Badlar",
    "horizonte": undefined,
    "patrimonio": 1121672538923.15,
    "vcp": null,
  },
  {
    "ccp": null,
    "fecha": null,
    "fondo": "Moneda: Peso Argentina",
    "horizonte": undefined,
    "patrimonio": 1121672538923.15,
    "vcp": null,
  },
  {
    "ccp": 97595583256.81,
    "fecha": "2024-01-02",
    "fondo": "Mercado Fondo - Clase A",
    "horizonte": "corto",
    "patrimonio": 1005201160757.13,
    "vcp": 10299.658,
  },
  {
    "ccp": null,
    "fecha": "2024-01-02",
    "fondo": "Mercado Fondo - Clase B",
    "horizonte": "corto",
    "patrimonio": null,
    "vcp": 1128.223,
  },
  {
    "ccp": 6363338.92,
    "fecha": "2024-01-02",
    "fondo": "Mercado Fondo - Clase C",
    "horizonte": "corto",
    "patrimonio": 30965066.25,
    "vcp": 4866.166,
  },
  {
    "ccp": null,
    "fecha": "2018-07-13",
    "fondo": "Mercado Fondo - Clase D",
    "horizonte": "corto",
    "patrimonio": null,
    "vcp": 1000,
  },
  {
    "ccp": 41476327.82,
    "fecha": "2024-01-02",
    "fondo": "SBS Ahorro Pesos - Clase A",
    "horizonte": "corto",
    "patrimonio": 2667395583.17,
    "vcp": 64311.276,
  },
  {
    "ccp": 802352098.39,
    "fecha": "2024-01-02",
    "fondo": "SBS Ahorro Pesos - Clase B",
    "horizonte": "corto",
    "patrimonio": 56873956093.35,
    "vcp": 70884.037,
  },
  {
    "ccp": 228482813.22,
    "fecha": "2024-01-02",
    "fondo": "SBS Ahorro Pesos - Clase C",
    "horizonte": "corto",
    "patrimonio": 851132544.82,
    "vcp": 3725.149,
  },
  {
    "ccp": 14965170759.31,
    "fecha": "2024-01-02",
    "fondo": "SBS Ahorro Pesos - Clase D",
    "horizonte": "corto",
    "patrimonio": 56047928878.43,
    "vcp": 3745.225,
  },
  {
    "ccp": null,
    "fecha": null,
    "fondo": "Benchmark: No Registrado",
    "horizonte": undefined,
    "patrimonio": 408409566736.24,
    "vcp": null,
  },
  {
    "ccp": null,
    "fecha": null,
    "fondo": "Moneda: Peso Argentina",
    "horizonte": undefined,
    "patrimonio": 408409565529.4,
    "vcp": null,
  },
  {
    "ccp": 8796810.69,
    "fecha": "2024-01-02",
    "fondo": "Argenfunds Liquidez - Clase A",
    "horizonte": "corto",
    "patrimonio": 64164745.29,
    "vcp": 7294.092,
  },
  {
    "ccp": 7470490184.82,
    "fecha": "2024-01-02",
    "fondo": "Argenfunds Liquidez - Clase B",
    "horizonte": "corto",
    "patrimonio": 57744960787.09,
    "vcp": 7729.742,
  },
  {
    "ccp": 10902838422.81,
    "fecha": "2024-01-02",
    "fondo": "Balanz Capital Money Market - Clase A",
    "horizonte": "corto",
    "patrimonio": 54453587134.42,
    "vcp": 4994.441,
  },
  {
    "ccp": 3176098624.53,
    "fecha": "2024-01-02",
    "fondo": "Balanz Capital Money Market - Clase B",
    "horizonte": "corto",
    "patrimonio": 16078713586.44,
    "vcp": 5062.41,
  },
  {
    "ccp": 9448251875.01,
    "fecha": "2024-01-02",
    "fondo": "Balanz Capital Money Market - Clase C",
    "horizonte": "corto",
    "patrimonio": 48876824504.13,
    "vcp": 5173.108,
  },
  {
    "ccp": 27081453949.89,
    "fecha": "2024-01-02",
    "fondo": "Balanz Capital Money Market - Clase D",
    "horizonte": "corto",
    "patrimonio": 137998667130.8,
    "vcp": 5095.689,
  },
  {
    "ccp": null,
    "fecha": "2024-01-02",
    "fondo": "Balanz Capital Money Market - Clase E",
    "horizonte": "corto",
    "patrimonio": null,
    "vcp": 1000,
  },
  {
    "ccp": null,
    "fecha": "2024-01-02",
    "fondo": "Balanz Capital Money Market - Clase F",
    "horizonte": "corto",
    "patrimonio": null,
    "vcp": 1000,
  },
  {
    "ccp": 63786010.86,
    "fecha": "2024-01-02",
    "fondo": "BM Smart Money Market - Clase A",
    "horizonte": "corto",
    "patrimonio": 274647292.95,
    "vcp": 4305.761,
  },
  {
    "ccp": 329977934.66,
    "fecha": "2024-01-02",
    "fondo": "BM Smart Money Market - Clase B",
    "horizonte": "corto",
    "patrimonio": 1469800648.15,
    "vcp": 4454.239,
  },
  {
    "ccp": 2402427525.47,
    "fecha": "2024-01-02",
    "fondo": "Champaquí Fondo Inmediato - Clase A",
    "horizonte": "corto",
    "patrimonio": 12283956074.65,
    "vcp": 5113.143,
  },
  {
    "ccp": 3954742197.97,
    "fecha": "2024-01-02",
    "fondo": "Champaquí Fondo Inmediato - Clase B",
    "horizonte": "corto",
    "patrimonio": 20489352349.86,
    "vcp": 5180.958,
  },
  {
    "ccp": 6151106526.11,
    "fecha": "2024-01-02",
    "fondo": "Champaquí Fondo Inmediato - Clase C",
    "horizonte": "corto",
    "patrimonio": 31819149691.81,
    "vcp": 5172.915,
  },
  {
    "ccp": 69796921,
    "fecha": "2024-01-02",
    "fondo": "IEB Ahorro - Clase A",
    "horizonte": "corto",
    "patrimonio": 340193970.37,
    "vcp": 4874.054,
  },
  {
    "ccp": 1617559877.23,
    "fecha": "2024-01-02",
    "fondo": "IEB Ahorro - Clase B",
    "horizonte": "corto",
    "patrimonio": 7933922672.42,
    "vcp": 4904.871,
  },
  {
    "ccp": 2737783273.16,
    "fecha": "2024-01-02",
    "fondo": "IEB Ahorro - Clase C",
    "horizonte": "corto",
    "patrimonio": 11556819982.11,
    "vcp": 4221.233,
  },
  {
    "ccp": null,
    "fecha": "2024-01-02",
    "fondo": "IEB Ahorro - Clase D",
    "horizonte": "corto",
    "patrimonio": null,
    "vcp": 1020.385,
  },
  {
    "ccp": 1385473757.05,
    "fecha": "2024-01-02",
    "fondo": "IEB Ahorro - Clase E",
    "horizonte": "corto",
    "patrimonio": 7024804958.91,
    "vcp": 5070.327,
  },
  {
    "ccp": null,
    "fecha": null,
    "fondo": "Moneda: Dolar Estadounidense",
    "horizonte": undefined,
    "patrimonio": 1206.84,
    "vcp": null,
  },
  {
    "ccp": 0.01,
    "fecha": "2017-12-15",
    "fondo": "Adcap Acciones Globales - Clase A",
    "horizonte": "corto",
    "patrimonio": 0.01,
    "vcp": 7120.298,
  },
  {
    "ccp": 0.01,
    "fecha": "2017-12-15",
    "fondo": "Adcap Acciones Globales - Clase B",
    "horizonte": "corto",
    "patrimonio": 0.01,
    "vcp": 7087.936,
  },
  {
    "ccp": 0.01,
    "fecha": "2017-12-15",
    "fondo": "Adcap Acciones Globales - Clase C",
    "horizonte": "corto",
    "patrimonio": 0.01,
    "vcp": 7120.298,
  },
  {
    "ccp": 9.81,
    "fecha": "2017-12-15",
    "fondo": "Adcap Acciones Globales - Clase D",
    "horizonte": "corto",
    "patrimonio": 69.25,
    "vcp": 7062.651,
  },
  {
    "ccp": 0.01,
    "fecha": "2017-12-15",
    "fondo": "Adcap Acciones Globales - Clase E",
    "horizonte": "corto",
    "patrimonio": 0.01,
    "vcp": 7120.298,
  },
  {
    "ccp": 0.01,
    "fecha": "2017-12-15",
    "fondo": "Adcap Acciones Globales - Clase F",
    "horizonte": "corto",
    "patrimonio": 0.01,
    "vcp": 7120.298,
  },
  {
    "ccp": null,
    "fecha": null,
    "fondo": "Region: Argentina",
    "horizonte": undefined,
    "patrimonio": 1034055268182.16,
    "vcp": null,
  },
  {
    "ccp": null,
    "fecha": null,
    "fondo": "Duration: Menor o Igual a 0.5 Año",
    "horizonte": undefined,
    "patrimonio": 211485120313.8,
    "vcp": null,
  },
  {
    "ccp": null,
    "fecha": null,
    "fondo": "Benchmark: Badlar",
    "horizonte": undefined,
    "patrimonio": 1259428552.53,
    "vcp": null,
  },
  {
    "ccp": null,
    "fecha": null,
    "fondo": "Moneda: Peso Argentina",
    "horizonte": undefined,
    "patrimonio": 1259428552.53,
    "vcp": null,
  },
  {
    "ccp": null,
    "fecha": "2024-01-02",
    "fondo": "Adcap Ahorro Dinámico Fondo de Dinero - Clase A",
    "horizonte": "corto",
    "patrimonio": null,
    "vcp": 1454.305,
  },
  {
    "ccp": 653981411.21,
    "fecha": "2024-01-02",
    "fondo": "Adcap Ahorro Dinámico Fondo de Dinero - Clase B",
    "horizonte": "corto",
    "patrimonio": 938678715.94,
    "vcp": 1435.329,
  },
  {
    "ccp": 220790518.37,
    "fecha": "2024-01-02",
    "fondo": "Adcap Ahorro Dinámico Fondo de Dinero - Clase C",
    "horizonte": "corto",
    "patrimonio": 320749836.59,
    "vcp": 1452.734,
  },
  {
    "ccp": null,
    "fecha": null,
    "fondo": "Benchmark: No Registrado",
    "horizonte": undefined,
    "patrimonio": 181473583256.7,
    "vcp": null,
  },
  {
    "ccp": null,
    "fecha": null,
    "fondo": "Moneda: Peso Argentina",
    "horizonte": undefined,
    "patrimonio": 181473583256.7,
    "vcp": null,
  },
  {
    "ccp": 194470442.6,
    "fecha": "2024-01-02",
    "fondo": "Compass Liquidez - Clase A",
    "horizonte": "corto",
    "patrimonio": 968420109.22,
    "vcp": 4979.78,
  },
  {
    "ccp": 1663596438.91,
    "fecha": "2024-01-02",
    "fondo": "Compass Liquidez - Clase B",
    "horizonte": "corto",
    "patrimonio": 8461791748.1,
    "vcp": 5086.445,
  },
  {
    "ccp": 56255245.8,
    "fecha": "2024-01-02",
    "fondo": "Compass Liquidez - Clase C",
    "horizonte": "corto",
    "patrimonio": 300000000,
    "vcp": 5332.836,
  },
  {
    "ccp": 618521230.99,
    "fecha": "2024-01-02",
    "fondo": "Super Ahorro Plus - Clase A",
    "horizonte": "corto",
    "patrimonio": 156755504897.76,
    "vcp": 253435.932,
  },
  {
    "ccp": 54121147.96,
    "fecha": "2024-01-02",
    "fondo": "Super Ahorro Plus - Clase B",
    "horizonte": "corto",
    "patrimonio": 14987858677.44,
    "vcp": 276931.648,
  },
  {
    "ccp": 1275.26,
    "fecha": "2024-01-02",
    "fondo": "Super Ahorro Plus - Clase G",
    "horizonte": "corto",
    "patrimonio": 7824.18,
    "vcp": 6135.37,
  },
  {
    "ccp": null,
    "fecha": "2024-01-02",
    "fondo": "Super Ahorro Plus - Clase H",
    "horizonte": "corto",
    "patrimonio": null,
    "vcp": 6532.337,
  },
  {
    "ccp": null,
    "fecha": "2024-01-02",
    "fondo": "Super Ahorro Plus - Clase I",
    "horizonte": "corto",
    "patrimonio": null,
    "vcp": 6540.743,
  },
  {
    "ccp": null,
    "fecha": null,
    "fondo": "Benchmark: Otro",
    "horizonte": undefined,
    "patrimonio": 28752108504.57,
    "vcp": null,
  },
  {
    "ccp": null,
    "fecha": null,
    "fondo": "Moneda: Peso Argentina",
    "horizonte": undefined,
    "patrimonio": 28752108504.57,
    "vcp": null,
  },
  {
    "ccp": 806875779.86,
    "fecha": "2024-01-02",
    "fondo": "Champaqui Fondo Inmediato Plus - Clase A",
    "horizonte": "corto",
    "patrimonio": 2304915016.22,
    "vcp": 2856.592,
  },
  {
    "ccp": 7395587191.78,
    "fecha": "2024-01-02",
    "fondo": "Champaqui Fondo Inmediato Plus - Clase B",
    "horizonte": "corto",
    "patrimonio": 21316586933.14,
    "vcp": 2882.339,
  },
  {
    "ccp": 1774237519.66,
    "fecha": "2024-01-02",
    "fondo": "Champaqui Fondo Inmediato Plus - Clase D",
    "horizonte": "corto",
    "patrimonio": 5130606555.21,
    "vcp": 2891.725,
  },
  {
    "ccp": null,
    "fecha": null,
    "fondo": "Duration: No Aplicable",
    "horizonte": undefined,
    "patrimonio": 822570147868.36,
    "vcp": null,
  },
  {
    "ccp": null,
    "fecha": null,
    "fondo": "Benchmark: 30%+70%",
    "horizonte": undefined,
    "patrimonio": 109849625736.95,
    "vcp": null,
  },
  {
    "ccp": null,
    "fecha": null,
    "fondo": "Moneda: Peso Argentina",
    "horizonte": undefined,
    "patrimonio": 109849625736.95,
    "vcp": null,
  },
  {
    "ccp": 9474620.71,
    "fecha": "2024-01-02",
    "fondo": "Alpha Pesos Plus - Clase A",
    "horizonte": "medio",
    "patrimonio": 30977288742.37,
    "vcp": 3269501.722,
  },
  {
    "ccp": 3922815.28,
    "fecha": "2024-01-02",
    "fondo": "Alpha Pesos Plus - Clase B",
    "horizonte": "medio",
    "patrimonio": 11959989578.07,
    "vcp": 3048828.131,
  },
  {
    "ccp": 302036900.41,
    "fecha": "2024-01-02",
    "fondo": "Pionero Pesos - Clase A",
    "horizonte": "corto",
    "patrimonio": 12234532364.23,
    "vcp": 40506.747,
  },
  {
    "ccp": 1304647064.2,
    "fecha": "2024-01-02",
    "fondo": "Pionero Pesos - Clase B",
    "horizonte": "corto",
    "patrimonio": 54677815052.28,
    "vcp": 41910.043,
  },
  {
    "ccp": null,
    "fecha": "2024-01-02",
    "fondo": "Pionero Pesos - Clase C",
    "horizonte": "corto",
    "patrimonio": null,
    "vcp": 7821.332,
  },
  {
    "ccp": null,
    "fecha": "2020-03-03",
    "fondo": "Pionero Pesos RP D.596",
    "horizonte": "corto",
    "patrimonio": null,
    "vcp": 7799.136,
  },
  {
    "ccp": null,
    "fecha": null,
    "fondo": "Benchmark: No Registrado",
    "horizonte": undefined,
    "patrimonio": 291799437723.3,
    "vcp": null,
  },
  {
    "ccp": null,
    "fecha": null,
    "fondo": "Moneda: Peso Argentina",
    "horizonte": undefined,
    "patrimonio": 291799437723.3,
    "vcp": null,
  },
  {
    "ccp": 11308526.03,
    "fecha": "2024-01-02",
    "fondo": "Gainvest Pesos - Clase A",
    "horizonte": "medio",
    "patrimonio": 193489802.27,
    "vcp": 17110.082,
  },
  {
    "ccp": 3721822760.73,
    "fecha": "2024-01-02",
    "fondo": "Gainvest Pesos - Clase B",
    "horizonte": "medio",
    "patrimonio": 63681960699.23,
    "vcp": 17110.423,
  },
  {
    "ccp": 9852491649.38,
    "fecha": "2024-01-02",
    "fondo": "Gainvest Pesos - Clase C",
    "horizonte": "medio",
    "patrimonio": 22528810982.01,
    "vcp": 2286.61,
  },
  {
    "ccp": 214207208.42,
    "fecha": "2024-01-02",
    "fondo": "IAM Ahorro Pesos - Clase A",
    "horizonte": "corto",
    "patrimonio": 3895485899.49,
    "vcp": 18185.597,
  },
  {
    "ccp": 9978242019.67,
    "fecha": "2024-01-02",
    "fondo": "IAM Ahorro Pesos - Clase B",
    "horizonte": "corto",
    "patrimonio": 201263146895,
    "vcp": 20170.201,
  },
  {
    "ccp": 13593418.67,
    "fecha": "2024-01-02",
    "fondo": "IAM Ahorro Pesos - Clase C",
    "horizonte": "corto",
    "patrimonio": 204293876.36,
    "vcp": 15028.881,
  },
  {
    "ccp": null,
    "fecha": "2024-01-02",
    "fondo": "IAM Ahorro Pesos - Clase D",
    "horizonte": "corto",
    "patrimonio": null,
    "vcp": 1011.972,
  },
  {
    "ccp": 8614899,
    "fecha": "2024-01-02",
    "fondo": "Pellegrini Renta",
    "horizonte": "corto",
    "patrimonio": 32249568.94,
    "vcp": 3743.465,
  },
  {
    "ccp": null,
    "fecha": null,
    "fondo": "Benchmark: Otro",
    "horizonte": undefined,
    "patrimonio": 420921084408.11,
    "vcp": null,
  },
  {
    "ccp": null,
    "fecha": null,
    "fondo": "Moneda: Peso Argentina",
    "horizonte": undefined,
    "patrimonio": 420921084408.11,
    "vcp": null,
  },
  {
    "ccp": 28615712447.42,
    "fecha": "2024-01-02",
    "fondo": "1822 Raices Ahorro Pesos",
    "horizonte": "corto",
    "patrimonio": 420921084408.11,
    "vcp": 14709.439,
  },
]
`;
